Microchip MPLAB XC8 Compiler V2.45

Linker command line:

-W-3 \
  --edf=C:\Program Files\Microchip\xc8\v2.45\pic\dat\20230818022343_en.msgs \
  -pivt0x8=08h -cn -h+dist/default/production\Practica2.X.production.sym \
  --cmf=dist/default/production\Practica2.X.production.cmf -z -Q18F46K42 \
  -oC:\Users\mesas\AppData\Local\Temp\xcAs9k0.\driver_tmp_3.o \
  --defsym=__MPLAB_BUILD=1 --fixupoverflow=error \
  -Mdist/default/production/Practica2.X.production.map \
  --md=C:\Users\mesas\AppData\Local\Temp\xcAs9k0.\driver_tmp_0.dat -E1 \
  -ver=XC8 Compiler --acfsm=1493 -ACODE=00h-0FFFFh -ACONST=00h-0FFFFh \
  -ASMALLCONST=01000h-010FFhx240 -AMEDIUMCONST=01000h-0FFFFh \
  -ACOMRAM=01h-05Fh -AABS1=00h-0FFFh -ABIGRAM=01h-0FFFh \
  -ARAM=060h-0FFh,0100h-01FFhx15 -ABANK0=060h-0FFh -ABANK1=0100h-01FFh \
  -ABANK2=0200h-02FFh -ABANK3=0300h-03FFh -ABANK4=0400h-04FFh \
  -ABANK5=0500h-05FFh -ABANK6=0600h-06FFh -ABANK7=0700h-07FFh \
  -ABANK8=0800h-08FFh -ABANK9=0900h-09FFh -ABANK10=0A00h-0AFFh \
  -ABANK11=0B00h-0BFFh -ABANK12=0C00h-0CFFh -ABANK13=0D00h-0DFFh \
  -ABANK14=0E00h-0EFFh -ABANK15=0F00h-0FFFh \
  -ASFR=03800h-038FFhx7,03F00h-03F5Fh,03F60h-03FFFh -ABIGSFR=03800h-03FFFh \
  -ACONFIG=0300000h-0300009h -AIDLOC=0200000h-020000Fh \
  -AEEDATA=0310000h-03103FFh -peeprom_data=EEDATA -preset_vec=00h \
  -ppowerup=CODE,init -pramtop=01000h -psmallconst=SMALLCONST \
  -pmediumconst=MEDIUMCONST -pconst=CONST -AFARRAM=00h-00h \
  -prdata=COMRAM,nvrram=COMRAM,nvbit=COMRAM,rbss=COMRAM,rbit=COMRAM \
  -pfarbss=FARRAM,fardata=FARRAM,nvFARRAM=FARRAM \
  -pintsave_regs=BIGRAM,bigbss=BIGRAM,bigdata=BIGRAM -pbss=RAM \
  -pidata=CODE,irdata=CODE,ibigdata=CODE,ifardata=CODE -prparam=COMRAM \
  C:\Users\mesas\AppData\Local\Temp\xcAs9k0.\driver_tmp_9.o \
  dist/default/production\Practica2.X.production.o 

Object code version is 3.11

Machine type is 18F46K42



                Name                               Link     Load   Length Selector   Space Scale
C:\Users\mesas\AppData\Local\Temp\xcAs9k0.\driver_tmp_9.o
                config                           300000   300000        A        0       4
                init                                 1A       1A        4        4       0
                reset_vec                             0        0        4        0       0
dist/default/production\Practica2.X.production.o
                config                           300000   300000        A        0       4
                smallconst                         1000     1000        8      800       0
                ivt0x8                                8        8       12        4       0
                text38                             1954     1954        2      804       0
                text37                             1736     1736       30      804       0
                text36                             1952     1952        2      804       0
                text35                             1706     1706       30      804       0
                text34                             15BA     15BA       60      804       0
                text33                             17FA     17FA       24      804       0
                text32                             1256     1256       E4      804       0
                text31                             1936     1936        A      804       0
                text30                             1478     1478       6E      804       0
                text29                             1940     1940        8      804       0
                text28                             1948     1948        4      804       0
                text27                             178C     178C       26      804       0
                text26                             133A     133A       A8      804       0
                text25                             17D6     17D6       24      804       0
                text24                             18E4     18E4       1A      804       0
                text23                             192C     192C        A      804       0
                text22                             17B2     17B2       24      804       0
                text21                             1922     1922        A      804       0
                text20                             1918     1918        A      804       0
                text19                             190E     190E        A      804       0
                text18                             1552     1552       68      804       0
                text17                             1766     1766       26      804       0
                text16                             1950     1950        2      804       0
                text15                             194E     194E        2      804       0
                text14                             194C     194C        2      804       0
                text13                             13E2     13E2       96      804       0
                text12                             16D4     16D4       32      804       0
                text11                             18AE     18AE       1C      804       0
                text10                             1892     1892       1C      804       0
                text9                              16A0     16A0       34      804       0
                text8                              183C     183C       1E      804       0
                text7                              181E     181E       1E      804       0
                text6                              1876     1876       1C      804       0
                text5                              1132     1132      124      804       0
                text4                              185A     185A       1C      804       0
                text3                              161A     161A       46      804       0
                text2                              18CA     18CA       1A      804       0
                text1                              14E6     14E6       6C      804       0
                text0                              1008     1008      12A      804       0
                cstackCOMRAM                         29       29       28        1       1
                dataBANK0                            60       60       10       60       1
                bssCOMRAM                             1        1       28        1       1
                cinit                              1660     1660       40      804       0
                idataBANK0                         18FE     18FE       10      804       0

TOTAL           Name                               Link     Load   Length     Space
        CLASS   CODE           
                init                                 1A       1A        4         0
                reset_vec                             0        0        4         0
                ivt0x8                                8        8       12         0
                text38                             1954     1954        2         0
                text37                             1736     1736       30         0
                text36                             1952     1952        2         0
                text35                             1706     1706       30         0
                text34                             15BA     15BA       60         0
                text33                             17FA     17FA       24         0
                text32                             1256     1256       E4         0
                text31                             1936     1936        A         0
                text30                             1478     1478       6E         0
                text29                             1940     1940        8         0
                text28                             1948     1948        4         0
                text27                             178C     178C       26         0
                text26                             133A     133A       A8         0
                text25                             17D6     17D6       24         0
                text24                             18E4     18E4       1A         0
                text23                             192C     192C        A         0
                text22                             17B2     17B2       24         0
                text21                             1922     1922        A         0
                text20                             1918     1918        A         0
                text19                             190E     190E        A         0
                text18                             1552     1552       68         0
                text17                             1766     1766       26         0
                text16                             1950     1950        2         0
                text15                             194E     194E        2         0
                text14                             194C     194C        2         0
                text13                             13E2     13E2       96         0
                text12                             16D4     16D4       32         0
                text11                             18AE     18AE       1C         0
                text10                             1892     1892       1C         0
                text9                              16A0     16A0       34         0
                text8                              183C     183C       1E         0
                text7                              181E     181E       1E         0
                text6                              1876     1876       1C         0
                text5                              1132     1132      124         0
                text4                              185A     185A       1C         0
                text3                              161A     161A       46         0
                text2                              18CA     18CA       1A         0
                text1                              14E6     14E6       6C         0
                text0                              1008     1008      12A         0
                cinit                              1660     1660       40         0
                idataBANK0                         18FE     18FE       10         0

        CLASS   CONST          

        CLASS   SMALLCONST     
                smallconst                         1000     1000        8         0

        CLASS   MEDIUMCONST    

        CLASS   COMRAM         
                cstackCOMRAM                         29       29       28         1
                bssCOMRAM                             1        1       28         1

        CLASS   ABS1           

        CLASS   BIGRAM         

        CLASS   RAM            

        CLASS   BANK0          
                dataBANK0                            60       60       10         1

        CLASS   BANK1          

        CLASS   BANK2          

        CLASS   BANK3          

        CLASS   BANK4          

        CLASS   BANK5          

        CLASS   BANK6          

        CLASS   BANK7          

        CLASS   BANK8          

        CLASS   BANK9          

        CLASS   BANK10         

        CLASS   BANK11         

        CLASS   BANK12         

        CLASS   BANK13         

        CLASS   BANK14         

        CLASS   BANK15         

        CLASS   SFR            

        CLASS   BIGSFR         

        CLASS   CONFIG         
                config                           300000   300000        A         4

        CLASS   IDLOC          

        CLASS   EEDATA         

        CLASS   FARRAM         

        CLASS   HEAP           

        CLASS   STACK          



SEGMENTS        Name                           Load    Length   Top    Selector   Space  Class

                reset_vec                      000000  000004  000004         0       0  CODE    
                bssCOMRAM                      000001  000050  000051         1       1  COMRAM  
                ivt0x8                         000008  000016  00001E         4       0  CODE    
                dataBANK0                      000060  000010  000070        60       1  BANK0   
                smallconst                     001000  000008  001008       800       0  SMALLCON
                text0                          001008  00094E  001956       804       0  CODE    


UNUSED ADDRESS RANGES

        Name                Unused          Largest block    Delta
        BANK0            000070-0000FF               90
        BANK1            000100-0001FF              100
        BANK10           000A00-000AFF              100
        BANK11           000B00-000BFF              100
        BANK12           000C00-000CFF              100
        BANK13           000D00-000DFF              100
        BANK14           000E00-000EFF              100
        BANK15           000F00-000FFF              100
        BANK2            000200-0002FF              100
        BANK3            000300-0003FF              100
        BANK4            000400-0004FF              100
        BANK5            000500-0005FF              100
        BANK6            000600-0006FF              100
        BANK7            000700-0007FF              100
        BANK8            000800-0008FF              100
        BANK9            000900-0009FF              100
        BIGRAM           000051-00005F                F
                         000070-000FFF              F90
        BIGSFR           003800-003FFF              800
        CODE             000004-000007                4
                         00001E-000FFF              FE2
                         001956-00FFFF             E6AA
        COMRAM           000051-00005F                F
        CONST            000004-000007                4
                         00001E-000FFF              FE2
                         001956-00FFFF             E6AA
        EEDATA           310000-3103FF              400
        IDLOC            200000-20000F               10
        MEDIUMCONST      001956-00FFFF             E6AA
        RAM              000070-000FFF              100
        SFR              003800-003FFF              100
        SMALLCONST       001956-00FFFF              100

                                  Symbol Table

?_ADCC_GetSingleConversion                    cstackCOMRAM 00002B
?_AbsSignal1                                  cstackCOMRAM 00002F
?_AbsSignal2                                  cstackCOMRAM 00002F
?_AddSignals                                  cstackCOMRAM 00002B
?_MultiplySignals                             cstackCOMRAM 00002B
?_SubstractSignals                            cstackCOMRAM 00002B
?_abs                                         cstackCOMRAM 00002B
ADCC_GetSingleConversion@channel              cstackCOMRAM 00002F
ADCC_SetADIInterruptHandler@InterruptHandler  cstackCOMRAM 00002B
IVTBASEH                                      (abs)        003FD6
IVTBASEL                                      (abs)        003FD5
IVTBASEU                                      (abs)        003FD7
MultiplySignals@combinedResult                cstackCOMRAM 000043
MultiplySignals@num1High                      cstackCOMRAM 000048
MultiplySignals@num1Low                       cstackCOMRAM 000047
MultiplySignals@num2High                      cstackCOMRAM 00004A
MultiplySignals@num2Low                       cstackCOMRAM 000049
MultiplySignals@resultParts                   cstackCOMRAM 00004B
SPI1_ExchangeByte@data                        cstackCOMRAM 00002B
SPI1_Open@spi1UniqueConfiguration             cstackCOMRAM 00002E
TMR0_SetInterruptHandler@InterruptHandler     cstackCOMRAM 00002B
UART1_SetErrorHandler@interruptHandler        cstackCOMRAM 00002B
UART1_SetFramingErrorHandler@interruptHandler cstackCOMRAM 00002B
UART1_SetOverrunErrorHandler@interruptHandler cstackCOMRAM 00002B
UART1_Write@txData                            cstackCOMRAM 00002B
_ADACCH                                       (abs)        003EE9
_ADACCL                                       (abs)        003EE8
_ADACCU                                       (abs)        003EEA
_ADACQH                                       (abs)        003EF4
_ADACQL                                       (abs)        003EF3
_ADACT                                        (abs)        003EFE
_ADCAP                                        (abs)        003EF5
_ADCC_ADI_InterruptHandler                    bssCOMRAM    00001F
_ADCC_DefaultInterruptHandler                 text38       001954
_ADCC_GetSingleConversion                     text12       0016D4
_ADCC_ISR                                     text37       001736
_ADCC_Initialize                              text30       001478
_ADCC_SetADIInterruptHandler                  text31       001936
_ADCLK                                        (abs)        003EFF
_ADCNT                                        (abs)        003EEB
_ADCON0                                       (abs)        003EF8
_ADCON0bits                                   (abs)        003EF8
_ADCON1                                       (abs)        003EF9
_ADCON1bits                                   (abs)        003EF9
_ADCON2                                       (abs)        003EFA
_ADCON2bits                                   (abs)        003EFA
_ADCON3                                       (abs)        003EFB
_ADCON3bits                                   (abs)        003EFB
_ADERRH                                       (abs)        003EE3
_ADERRL                                       (abs)        003EE2
_ADFLTRH                                      (abs)        003EE7
_ADFLTRL                                      (abs)        003EE6
_ADLTHH                                       (abs)        003EDF
_ADLTHL                                       (abs)        003EDE
_ADPCH                                        (abs)        003EF1
_ADPREH                                       (abs)        003EF7
_ADPREL                                       (abs)        003EF6
_ADPREVH                                      (abs)        003EEE
_ADPREVL                                      (abs)        003EED
_ADREF                                        (abs)        003EFD
_ADRESH                                       (abs)        003EF0
_ADRESL                                       (abs)        003EEF
_ADRPT                                        (abs)        003EEC
_ADSTAT                                       (abs)        003EFC
_ADSTATbits                                   (abs)        003EFC
_ADSTPTH                                      (abs)        003EE5
_ADSTPTL                                      (abs)        003EE4
_ADUTHH                                       (abs)        003EE1
_ADUTHL                                       (abs)        003EE0
_ANSELA                                       (abs)        003A40
_ANSELB                                       (abs)        003A50
_ANSELC                                       (abs)        003A60
_ANSELD                                       (abs)        003A70
_ANSELE                                       (abs)        003A80
_AbsSignal1                                   text8        00183C
_AbsSignal2                                   text7        00181E
_AddSignals                                   text6        001876
_DAC_SPI                                      bssCOMRAM    000005
_DAC_SPI_High                                 bssCOMRAM    000023
_DAC_SPI_Low                                  bssCOMRAM    000022
_FVRCON                                       (abs)        003EC1
_FVRCONbits                                   (abs)        003EC1
_FVR_Initialize                               text29       001940
_INLVLA                                       (abs)        003A44
_INLVLB                                       (abs)        003A54
_INLVLC                                       (abs)        003A64
_INLVLD                                       (abs)        003A74
_INLVLE                                       (abs)        003A84
_INTCON0bits                                  (abs)        003FD2
_INTERRUPT_Initialize                         text28       001948
_INTERRUPT_InterruptManager                   text34       0015BA
_LATA                                         (abs)        003FBA
_LATB                                         (abs)        003FBB
_LATBbits                                     (abs)        003FBB
_LATC                                         (abs)        003FBC
_LATD                                         (abs)        003FBD
_LATE                                         (abs)        003FBE
_LATEbits                                     (abs)        003FBE
_MultiplySignals                              text5        001132
_ODCONA                                       (abs)        003A42
_ODCONB                                       (abs)        003A52
_ODCONC                                       (abs)        003A62
_ODCOND                                       (abs)        003A72
_ODCONE                                       (abs)        003A82
_OSCCON1                                      (abs)        0039D9
_OSCCON3                                      (abs)        0039DB
_OSCEN                                        (abs)        0039DD
_OSCFRQ                                       (abs)        0039DF
_OSCILLATOR_Initialize                        text27       00178C
_OSCTUNE                                      (abs)        0039DE
_PIE1bits                                     (abs)        003991
_PIE3bits                                     (abs)        003993
_PIN_MANAGER_Initialize                       text26       00133A
_PIR1bits                                     (abs)        0039A1
_PIR2bits                                     (abs)        0039A2
_PIR3bits                                     (abs)        0039A3
_PLLR                                         (abs)        01CEE0
_PMD0                                         (abs)        0039C0
_PMD1                                         (abs)        0039C1
_PMD2                                         (abs)        0039C2
_PMD3                                         (abs)        0039C3
_PMD4                                         (abs)        0039C4
_PMD5                                         (abs)        0039C5
_PMD6                                         (abs)        0039C6
_PMD7                                         (abs)        0039C7
_PMD_Initialize                               text25       0017D6
_PRODH                                        (abs)        003FF4
_PRODL                                        (abs)        003FF3
_RB1I2C                                       (abs)        003A5A
_RB2I2C                                       (abs)        003A5B
_RC3I2C                                       (abs)        003A6A
_RC3PPS                                       (abs)        003A13
_RC4I2C                                       (abs)        003A6B
_RC5PPS                                       (abs)        003A15
_RC6PPS                                       (abs)        003A16
_RD0I2C                                       (abs)        003A7A
_RD1I2C                                       (abs)        003A7B
_SLRCONA                                      (abs)        003A43
_SLRCONB                                      (abs)        003A53
_SLRCONC                                      (abs)        003A63
_SLRCOND                                      (abs)        003A73
_SLRCONE                                      (abs)        003A83
_SPI1BAUD                                     (abs)        003D19
_SPI1CLK                                      (abs)        003D1C
_SPI1CON0                                     (abs)        003D14
_SPI1CON0bits                                 (abs)        003D14
_SPI1CON1                                     (abs)        003D15
_SPI1CON2                                     (abs)        003D16
_SPI1RXB                                      (abs)        003D10
_SPI1SCKPPS                                   (abs)        003ADE
_SPI1SDIPPS                                   (abs)        003ADF
_SPI1TCNTL                                    (abs)        003D12
_SPI1TXB                                      (abs)        003D11
_SPI1_ExchangeByte                            text33       0017FA
_SPI1_Initialize                              text24       0018E4
_SPI1_Open                                    text32       001256
_SYSTEM_Initialize                            text17       001766
_SubstractSignals                             text4        00185A
_T0CON0                                       (abs)        003FB8
_T0CON0bits                                   (abs)        003FB8
_T0CON1                                       (abs)        003FB9
_TMR0H                                        (abs)        003FB7
_TMR0L                                        (abs)        003FB6
_TMR0_DefaultInterruptHandler                 text36       001952
_TMR0_ISR                                     text35       001706
_TMR0_Initialize                              text22       0017B2
_TMR0_InterruptHandler                        bssCOMRAM    000017
_TMR0_SetInterruptHandler                     text23       00192C
_TRISA                                        (abs)        003FC2
_TRISB                                        (abs)        003FC3
_TRISC                                        (abs)        003FC4
_TRISCbits                                    (abs)        003FC4
_TRISD                                        (abs)        003FC5
_TRISE                                        (abs)        003FC6
_U1BRGH                                       (abs)        003DF6
_U1BRGL                                       (abs)        003DF5
_U1CON0                                       (abs)        003DF2
_U1CON0bits                                   (abs)        003DF2
_U1CON1                                       (abs)        003DF3
_U1CON2                                       (abs)        003DF4
_U1ERRIE                                      (abs)        003DFA
_U1ERRIR                                      (abs)        003DF9
_U1ERRIRbits                                  (abs)        003DF9
_U1FIFO                                       (abs)        003DF7
_U1P1H                                        (abs)        003DED
_U1P1L                                        (abs)        003DEC
_U1P2H                                        (abs)        003DEF
_U1P2L                                        (abs)        003DEE
_U1P3H                                        (abs)        003DF1
_U1P3L                                        (abs)        003DF0
_U1RXB                                        (abs)        003DE8
_U1RXPPS                                      (abs)        003AE5
_U1TXB                                        (abs)        003DEA
_U1UIR                                        (abs)        003DF8
_UART1_DefaultErrorHandler                    text16       001950
_UART1_DefaultFramingErrorHandler             text15       00194E
_UART1_DefaultOverrunErrorHandler             text14       00194C
_UART1_ErrorHandler                           bssCOMRAM    000019
_UART1_FramingErrorHandler                    bssCOMRAM    00001D
_UART1_Initialize                             text18       001552
_UART1_OverrunErrorHandler                    bssCOMRAM    00001B
_UART1_Read                                   text13       0013E2
_UART1_SetErrorHandler                        text21       001922
_UART1_SetFramingErrorHandler                 text20       001918
_UART1_SetOverrunErrorHandler                 text19       00190E
_UART1_Write                                  text2        0018CA
_WPUA                                         (abs)        003A41
_WPUB                                         (abs)        003A51
_WPUC                                         (abs)        003A61
_WPUD                                         (abs)        003A71
_WPUE                                         (abs)        003A81
_WREG                                         (abs)        003FE8
__HRAM                                        (abs)        000000
__H__absolute__                               __absolute__ 000000
__Habs1                                       abs1         000000
__Hbank0                                      bank0        000000
__Hbank1                                      bank1        000000
__Hbank10                                     bank10       000000
__Hbank11                                     bank11       000000
__Hbank12                                     bank12       000000
__Hbank13                                     bank13       000000
__Hbank14                                     bank14       000000
__Hbank15                                     bank15       000000
__Hbank2                                      bank2        000000
__Hbank3                                      bank3        000000
__Hbank4                                      bank4        000000
__Hbank5                                      bank5        000000
__Hbank6                                      bank6        000000
__Hbank7                                      bank7        000000
__Hbank8                                      bank8        000000
__Hbank9                                      bank9        000000
__Hbigbss                                     bigbss       000000
__Hbigdata                                    bigdata      000000
__Hbigram                                     bigram       000000
__Hbigsfr                                     bigsfr       000000
__Hbss                                        bss          000000
__HbssCOMRAM                                  bssCOMRAM    000000
__Hcinit                                      cinit        000000
__Hclrtext                                    clrtext      000000
__Hcomram                                     comram       000000
__Hconfig                                     config       30000A
__Hconst                                      const        000000
__HcstackCOMRAM                               cstackCOMRAM 000000
__Hdata                                       data         000000
__HdataBANK0                                  dataBANK0    000000
__Heeprom_data                                eeprom_data  000000
__Hfarbss                                     farbss       000000
__Hfardata                                    fardata      000000
__Hheap                                       heap         000000
__Hibigdata                                   ibigdata     000000
__Hidata                                      idata        000000
__HidataBANK0                                 idataBANK0   000000
__Hidloc                                      idloc        000000
__Hifardata                                   ifardata     000000
__Hinit                                       init         00001E
__Hintsave_regs                               intsave_regs 000000
__Hirdata                                     irdata       000000
__Hivt0x8                                     ivt0x8       00001A
__Hmediumconst                                mediumconst  000000
__HnvFARRAM                                   nvFARRAM     000000
__Hnvbit                                      nvbit        000000
__Hnvrram                                     nvrram       000000
__Hparam                                      rparam       000000
__Hpowerup                                    powerup      000000
__Hram                                        ram          000000
__Hramtop                                     ramtop       001000
__Hrbit                                       rbit         000000
__Hrbss                                       rbss         000000
__Hrdata                                      rdata        000000
__Hreset_vec                                  reset_vec    000004
__Hrparam                                     rparam       000000
__Hsfr                                        sfr          000000
__Hsmallconst                                 smallconst   001008
__Hspace_0                                    (abs)        001956
__Hspace_1                                    (abs)        000070
__Hspace_2                                    (abs)        000000
__Hspace_4                                    (abs)        60000A
__Hstack                                      stack        000000
__Hstruct                                     struct       000000
__Htemp                                       temp         000000
__Htext                                       text         000000
__Htext0                                      text0        000000
__Htext1                                      text1        000000
__Htext10                                     text10       000000
__Htext11                                     text11       000000
__Htext12                                     text12       000000
__Htext13                                     text13       000000
__Htext14                                     text14       000000
__Htext15                                     text15       000000
__Htext16                                     text16       000000
__Htext17                                     text17       000000
__Htext18                                     text18       000000
__Htext19                                     text19       000000
__Htext2                                      text2        000000
__Htext20                                     text20       000000
__Htext21                                     text21       000000
__Htext22                                     text22       000000
__Htext23                                     text23       000000
__Htext24                                     text24       000000
__Htext25                                     text25       000000
__Htext26                                     text26       000000
__Htext27                                     text27       000000
__Htext28                                     text28       000000
__Htext29                                     text29       000000
__Htext3                                      text3        000000
__Htext30                                     text30       000000
__Htext31                                     text31       000000
__Htext32                                     text32       000000
__Htext33                                     text33       000000
__Htext34                                     text34       000000
__Htext35                                     text35       000000
__Htext36                                     text36       000000
__Htext37                                     text37       000000
__Htext38                                     text38       000000
__Htext39                                     text39       000000
__Htext4                                      text4        000000
__Htext5                                      text5        000000
__Htext6                                      text6        000000
__Htext7                                      text7        000000
__Htext8                                      text8        000000
__Htext9                                      text9        000000
__LRAM                                        (abs)        000001
__L__absolute__                               __absolute__ 000000
__Labs1                                       abs1         000000
__Lbank0                                      bank0        000000
__Lbank1                                      bank1        000000
__Lbank10                                     bank10       000000
__Lbank11                                     bank11       000000
__Lbank12                                     bank12       000000
__Lbank13                                     bank13       000000
__Lbank14                                     bank14       000000
__Lbank15                                     bank15       000000
__Lbank2                                      bank2        000000
__Lbank3                                      bank3        000000
__Lbank4                                      bank4        000000
__Lbank5                                      bank5        000000
__Lbank6                                      bank6        000000
__Lbank7                                      bank7        000000
__Lbank8                                      bank8        000000
__Lbank9                                      bank9        000000
__Lbigbss                                     bigbss       000000
__Lbigdata                                    bigdata      000000
__Lbigram                                     bigram       000000
__Lbigsfr                                     bigsfr       000000
__Lbss                                        bss          000000
__LbssCOMRAM                                  bssCOMRAM    000000
__Lcinit                                      cinit        000000
__Lclrtext                                    clrtext      000000
__Lcomram                                     comram       000000
__Lconfig                                     config       000000
__Lconst                                      const        000000
__LcstackCOMRAM                               cstackCOMRAM 000000
__Ldata                                       data         000000
__LdataBANK0                                  dataBANK0    000000
__Leeprom_data                                eeprom_data  000000
__Lfarbss                                     farbss       000000
__Lfardata                                    fardata      000000
__Lheap                                       heap         000000
__Libigdata                                   ibigdata     000000
__Lidata                                      idata        000000
__LidataBANK0                                 idataBANK0   000000
__Lidloc                                      idloc        000000
__Lifardata                                   ifardata     000000
__Linit                                       init         00001A
__Lintsave_regs                               intsave_regs 000000
__Lirdata                                     irdata       000000
__Livt0x8                                     ivt0x8       000008
__Lmediumconst                                mediumconst  000000
__LnvFARRAM                                   nvFARRAM     000000
__Lnvbit                                      nvbit        000000
__Lnvrram                                     nvrram       000000
__Lparam                                      rparam       000000
__Lpowerup                                    powerup      000000
__Lram                                        ram          000000
__Lramtop                                     ramtop       001000
__Lrbit                                       rbit         000000
__Lrbss                                       rbss         000000
__Lrdata                                      rdata        000000
__Lreset_vec                                  reset_vec    000000
__Lrparam                                     rparam       000000
__Lsfr                                        sfr          000000
__Lsmallconst                                 smallconst   001000
__Lspace_0                                    (abs)        000000
__Lspace_1                                    (abs)        000000
__Lspace_2                                    (abs)        000000
__Lspace_4                                    (abs)        000000
__Lstack                                      stack        000000
__Lstruct                                     struct       000000
__Ltemp                                       temp         000000
__Ltext                                       text         000000
__Ltext0                                      text0        000000
__Ltext1                                      text1        000000
__Ltext10                                     text10       000000
__Ltext11                                     text11       000000
__Ltext12                                     text12       000000
__Ltext13                                     text13       000000
__Ltext14                                     text14       000000
__Ltext15                                     text15       000000
__Ltext16                                     text16       000000
__Ltext17                                     text17       000000
__Ltext18                                     text18       000000
__Ltext19                                     text19       000000
__Ltext2                                      text2        000000
__Ltext20                                     text20       000000
__Ltext21                                     text21       000000
__Ltext22                                     text22       000000
__Ltext23                                     text23       000000
__Ltext24                                     text24       000000
__Ltext25                                     text25       000000
__Ltext26                                     text26       000000
__Ltext27                                     text27       000000
__Ltext28                                     text28       000000
__Ltext29                                     text29       000000
__Ltext3                                      text3        000000
__Ltext30                                     text30       000000
__Ltext31                                     text31       000000
__Ltext32                                     text32       000000
__Ltext33                                     text33       000000
__Ltext34                                     text34       000000
__Ltext35                                     text35       000000
__Ltext36                                     text36       000000
__Ltext37                                     text37       000000
__Ltext38                                     text38       000000
__Ltext39                                     text39       000000
__Ltext4                                      text4        000000
__Ltext5                                      text5        000000
__Ltext6                                      text6        000000
__Ltext7                                      text7        000000
__Ltext8                                      text8        000000
__Ltext9                                      text9        000000
__S0                                          (abs)        001956
__S1                                          (abs)        000070
__S4                                          (abs)        000000
__S5                                          (abs)        000000
___heap_hi                                    (abs)        000000
___heap_lo                                    (abs)        000000
___inthi_sp                                   stack        000000
___inthi_stack_hi                             stack        000000
___inthi_stack_lo                             stack        000000
___intlo_sp                                   stack        000000
___intlo_stack_hi                             stack        000000
___intlo_stack_lo                             stack        000000
___param_bank                                 (abs)        000000
___rparam_used                                (abs)        000001
___sp                                         stack        000000
___stack_hi                                   stack        000000
___stack_lo                                   stack        000000
__accesstop                                   (abs)        000060
__activetblptr                                (abs)        000003
__end_of_ADCC_DefaultInterruptHandler         text38       001956
__end_of_ADCC_GetSingleConversion             text12       001706
__end_of_ADCC_ISR                             text37       001766
__end_of_ADCC_Initialize                      text30       0014E6
__end_of_ADCC_SetADIInterruptHandler          text31       001940
__end_of_AbsSignal1                           text8        00185A
__end_of_AbsSignal2                           text7        00183C
__end_of_AddSignals                           text6        001892
__end_of_FVR_Initialize                       text29       001948
__end_of_INTERRUPT_Initialize                 text28       00194C
__end_of_INTERRUPT_InterruptManager           text34       00161A
__end_of_MultiplySignals                      text5        001256
__end_of_OSCILLATOR_Initialize                text27       0017B2
__end_of_PIN_MANAGER_Initialize               text26       0013E2
__end_of_PMD_Initialize                       text25       0017FA
__end_of_SPI1_ExchangeByte                    text33       00181E
__end_of_SPI1_Initialize                      text24       0018FE
__end_of_SPI1_Open                            text32       00133A
__end_of_SYSTEM_Initialize                    text17       00178C
__end_of_SubstractSignals                     text4        001876
__end_of_TMR0_DefaultInterruptHandler         text36       001954
__end_of_TMR0_ISR                             text35       001736
__end_of_TMR0_Initialize                      text22       0017D6
__end_of_TMR0_SetInterruptHandler             text23       001936
__end_of_UART1_DefaultErrorHandler            text16       001952
__end_of_UART1_DefaultFramingErrorHandler     text15       001950
__end_of_UART1_DefaultOverrunErrorHandler     text14       00194E
__end_of_UART1_Initialize                     text18       0015BA
__end_of_UART1_Read                           text13       001478
__end_of_UART1_SetErrorHandler                text21       00192C
__end_of_UART1_SetFramingErrorHandler         text20       001922
__end_of_UART1_SetOverrunErrorHandler         text19       001918
__end_of_UART1_Write                          text2        0018E4
__end_of__initialization                      cinit        00169A
__end_of_abs                                  text9        0016D4
__end_of_leerPrimeraSenal                     text11       0018CA
__end_of_leerSegundaSenal                     text10       0018AE
__end_of_main                                 text0        001132
__end_of_realizarOperacionesYEnviar           text3        001660
__end_of_sendToUART                           text1        001552
__end_of_spi1_configuration                   smallconst   001006
__initialization                              cinit        001660
__mediumconst                                 mediumconst  000000
__pbssCOMRAM                                  bssCOMRAM    000001
__pcinit                                      cinit        001660
__pcstackCOMRAM                               cstackCOMRAM 000029
__pdataBANK0                                  dataBANK0    000060
__pidataBANK0                                 idataBANK0   0018FE
__pivt0x8                                     ivt0x8       000008
__psmallconst                                 smallconst   001000
__ptext0                                      text0        001008
__ptext1                                      text1        0014E6
__ptext10                                     text10       001892
__ptext11                                     text11       0018AE
__ptext12                                     text12       0016D4
__ptext13                                     text13       0013E2
__ptext14                                     text14       00194C
__ptext15                                     text15       00194E
__ptext16                                     text16       001950
__ptext17                                     text17       001766
__ptext18                                     text18       001552
__ptext19                                     text19       00190E
__ptext2                                      text2        0018CA
__ptext20                                     text20       001918
__ptext21                                     text21       001922
__ptext22                                     text22       0017B2
__ptext23                                     text23       00192C
__ptext24                                     text24       0018E4
__ptext25                                     text25       0017D6
__ptext26                                     text26       00133A
__ptext27                                     text27       00178C
__ptext28                                     text28       001948
__ptext29                                     text29       001940
__ptext3                                      text3        00161A
__ptext30                                     text30       001478
__ptext31                                     text31       001936
__ptext32                                     text32       001256
__ptext33                                     text33       0017FA
__ptext34                                     text34       0015BA
__ptext35                                     text35       001706
__ptext36                                     text36       001952
__ptext37                                     text37       001736
__ptext38                                     text38       001954
__ptext39                                     text39       000000
__ptext4                                      text4        00185A
__ptext5                                      text5        001132
__ptext6                                      text6        001876
__ptext7                                      text7        00181E
__ptext8                                      text8        00183C
__ptext9                                      text9        0016A0
__ramtop                                      ramtop       001000
__smallconst                                  smallconst   001000
_abs                                          text9        0016A0
_absValue1                                    bssCOMRAM    00000B
_absValue2                                    bssCOMRAM    000009
_char_hexa                                    dataBANK0    000060
_leerPrimeraSenal                             text11       0018AE
_leerSegundaSenal                             text10       001892
_main                                         text0        001008
_multiply                                     bssCOMRAM    000001
_realizarOperacionesYEnviar                   text3        00161A
_resulOperacion                               bssCOMRAM    000025
_result                                       bssCOMRAM    000007
_selector                                     bssCOMRAM    000021
_sendToUART                                   text1        0014E6
_signal_DC_1                                  bssCOMRAM    000015
_signal_DC_2                                  bssCOMRAM    000013
_signal_No_DC_1                               bssCOMRAM    000027
_signal_No_DC_2                               bssCOMRAM    000011
_spi1_configuration                           smallconst   001001
_substract                                    bssCOMRAM    00000D
_sum                                          bssCOMRAM    00000F
_uart1RxLastError                             bssCOMRAM    000024
abs@a                                         cstackCOMRAM 00002B
end_of_initialization                         cinit        00169A
intlevel0                                     text         000000
intlevel1                                     text         000000
intlevel2                                     text         000000
intlevel3                                     text         000000
isa$std                                       (abs)        000001
isa$xinst                                     (abs)        000000
ivt0x8_base                                   ivt0x8       000008
sendToUART@mostrarAlto                        cstackCOMRAM 00002E
sendToUART@mostrarBajo                        cstackCOMRAM 00002D
stackhi                                       (abs)        000000
stacklo                                       (abs)        000000
start                                         init         00001A
start_initialization                          cinit        001660


MODULE INFORMATION

Module		Function		Class		Link	Load	Size
mcc_generated_files/fvr.c
		_FVR_Initialize		CODE           	1940	0000	8

mcc_generated_files/fvr.c estimated size: 8

mcc_generated_files/interrupt_manager.c
		_INTERRUPT_Initialize		CODE           	1948	0000	4
		_INTERRUPT_InterruptManager		CODE           	15BA	0000	96

mcc_generated_files/interrupt_manager.c estimated size: 100

mcc_generated_files/tmr0.c
		_TMR0_SetInterruptHandler		CODE           	192C	0000	10
		_TMR0_DefaultInterruptHandler		CODE           	1952	0000	2
		_TMR0_ISR      		CODE           	1706	0000	48
		_TMR0_Initialize		CODE           	17B2	0000	36

mcc_generated_files/tmr0.c estimated size: 96

mcc_generated_files/pin_manager.c
		_PIN_MANAGER_Initialize		CODE           	133A	0000	168

mcc_generated_files/pin_manager.c estimated size: 168

mcc_generated_files/spi1.c
		_SPI1_Open     		CODE           	1256	0000	228
		_SPI1_Initialize		CODE           	18E4	0000	26
		_SPI1_ExchangeByte		CODE           	17FA	0000	36

mcc_generated_files/spi1.c estimated size: 290

mcc_generated_files/uart1.c
		_UART1_Write   		CODE           	18CA	0000	26
		_UART1_SetFramingErrorHandler		CODE           	1918	0000	10
		_UART1_SetOverrunErrorHandler		CODE           	190E	0000	10
		_UART1_Initialize		CODE           	1552	0000	104
		_UART1_SetErrorHandler		CODE           	1922	0000	10
		_UART1_Read    		CODE           	13E2	0000	150
		_UART1_DefaultFramingErrorHandler		CODE           	194E	0000	2
		_UART1_DefaultErrorHandler		CODE           	1950	0000	2
		_UART1_DefaultOverrunErrorHandler		CODE           	194C	0000	2

mcc_generated_files/uart1.c estimated size: 316

shared
		__initialization		CODE           	1660	0000	58
		_spi1_configuration		SMALLCONST     	1001	0000	5

shared estimated size: 63

C:\Program Files\Microchip\xc8\v2.45\pic\sources\c99\common\abs.c
		_abs           		CODE           	16A0	0000	52

C:\Program Files\Microchip\xc8\v2.45\pic\sources\c99\common\abs.c estimated size: 52

mcc_generated_files/mcc.c
		_PMD_Initialize		CODE           	17D6	0000	36
		_OSCILLATOR_Initialize		CODE           	178C	0000	38
		_SYSTEM_Initialize		CODE           	1766	0000	38

mcc_generated_files/mcc.c estimated size: 112

mcc_generated_files/adcc.c
		_ADCC_DefaultInterruptHandler		CODE           	1954	0000	2
		_ADCC_GetSingleConversion		CODE           	16D4	0000	50
		_ADCC_SetADIInterruptHandler		CODE           	1936	0000	10
		_ADCC_ISR      		CODE           	1736	0000	48
		_ADCC_Initialize		CODE           	1478	0000	110

mcc_generated_files/adcc.c estimated size: 220

main.c
		_AbsSignal1    		CODE           	183C	0000	30
		_AbsSignal2    		CODE           	181E	0000	30
		_main          		CODE           	1008	0000	298
		_MultiplySignals		CODE           	1132	0000	292
		_AddSignals    		CODE           	1876	0000	28
		_leerSegundaSenal		CODE           	1892	0000	28
		_SubstractSignals		CODE           	185A	0000	28
		_realizarOperacionesYEnviar		CODE           	161A	0000	70
		_leerPrimeraSenal		CODE           	18AE	0000	28
		_sendToUART    		CODE           	14E6	0000	108

main.c estimated size: 940

